---------appTests/first.test----------
			<= command =>
node head.js file.txt

			<= actual output =>
internal/modules/cjs/loader.js:964
    throw err;
    ^

Error: Cannot find module '/Users/step6/camlin/jsTools/head.js'
    at Function.Module._resolveFilename (internal/modules/cjs/loader.js:961:17)
    at Function.Module._load (internal/modules/cjs/loader.js:854:27)
    at Function.executeUserEntryPoint [as runMain] (internal/modules/run_main.js:71:12)
    at internal/main/run_main_module.js:17:47 {
  code: 'MODULE_NOT_FOUND',
  requireStack: []
}

			<= expected output =>
one 
two
three
four
five
six
seven
eight
nine
ten 
eleven
twelve
